// Jest Snapshot v1, https://goo.gl/fbAQLP

exports[`CountDownTimer 1`] = `
NodeList [
  <div
    class="count-down"
  >
    <h3>
      Countdown to show release
    </h3>
    <ul
      class="count-down-timer"
    >
      <li
        class="count-down-timer-element"
      >
        <span>
          00
        </span>
        <div
          class="count-down-timer-unit"
        >
          days
        </div>
      </li>
      <li
        class="count-down-timer-element"
      >
        <span>
          01
        </span>
        <div
          class="count-down-timer-unit"
        >
          hour
        </div>
      </li>
      <li
        class="count-down-timer-element"
      >
        <span>
          01
        </span>
        <div
          class="count-down-timer-unit"
        >
          minute
        </div>
      </li>
      <li
        class="count-down-timer-element"
      >
        <span>
          02
        </span>
        <div
          class="count-down-timer-unit"
        >
          seconds
        </div>
      </li>
    </ul>
  </div>,
]
`;
