// Jest Snapshot v1, https://goo.gl/fbAQLP

exports[`EpisodeBlock 1`] = `
NodeList [
  <div
    class="episode-block"
  >
    <div
      class="episode-ribbon-number1-index1 episode-ribbon bg-color-red"
    />
    <div
      class="episode-ribbon-number2-index1 episode-ribbon bg-color-red"
    />
    <div
      class="episode-ribbon-number3-index1 episode-ribbon bg-color-red"
    />
    <div
      class="episode-content"
    >
      <div
        class="episode-header"
      >
        <button
          class="episode-arrow episode-up"
        >
          ðŸ”¼
        </button>
        Some title
        <button
          class="episode-arrow episode-down"
        >
          ðŸ”½
        </button>
      </div>
      <div
        class="episode-content-separator bg-color-red"
      />
      <div
        class="episode-details"
      >
        <div
          class="episode-writers"
        >
          <b>
            Writers
            :
          </b>
           
          Someone, Someone else
        </div>
        <div
          class="episode-director"
        >
          <b>
            Director:
          </b>
           
          TBA
        </div>
        <div
          class="episode-number"
        >
          <b>
            Episode:
          </b>
           #
          1
        </div>
      </div>
    </div>
  </div>,
]
`;
