// Jest Snapshot v1, https://goo.gl/fbAQLP

exports[`Footer 1`] = `
NodeList [
  <div
    class="App-footer"
  >
    <div>
      Developed by
       
      <a
        href="https://github.com/sebranly/kaleidoscope"
        rel="noopener noreferrer"
        target="_blank"
        title="GitHub page for repository"
      >
        sebranly
      </a>
       
      with ðŸ’™
    </div>
    <div>
      This is not an official project: this is a fan project
    </div>
    <div>
      Website version
       
      <a
        href="https://github.com/sebranly/kaleidoscope/releases"
        rel="noopener noreferrer"
        target="_blank"
        title="Website changelog"
      >
        0.0.1
      </a>
    </div>
  </div>,
]
`;
